         w __syscall_tls_create
         w __syscall_tls_delete
         w __syscall_tls_get
         w __syscall_tls_set
02000000 T __init
02000024 000000a4 W abort
020000d8 00000034 W __gnu_cxx::__throw_concurrence_lock_error()
0200010c 00000034 W __gnu_cxx::__throw_concurrence_unlock_error()
02000140 00000024 T std::terminate()
02000164 00000024 T std::unexpected()
02000188 00000058 T std::__throw_logic_error(char const*)
020001e0 00000058 T std::__throw_length_error(char const*)
02000238 00000058 T __cxa_call_terminate
02000290 00000014 t _GLOBAL__sub_D__ZN9__gnu_cxx9__freeresEv
020002a4 00000040 t _GLOBAL__sub_D__ZN17__eh_globals_init7_S_initE
020002e4 00000258 t _GLOBAL__sub_I__ZN9__gnu_cxx9__freeresEv
0200053c 00000040 t _GLOBAL__sub_I__ZN17__eh_globals_init7_S_initE
0200057c t __do_global_dtors_aux
02000648 t frame_dummy
0200066c 00000004 T on_init_wut_stdcpp()
02000670 0000000c T rgbModeChanged(ConfigItemMultipleValues*, unsigned int)
0200067c 0000000c T resModeChanged(ConfigItemMultipleValues*, unsigned int)
02000688 00000004 T on_init_wut_malloc()
0200068c 00000004 T on_fini_wut_malloc()
02000690 00000014 T on_init_wut_sockets()
020006a4 00000014 T on_fini_wut_sockets()
020006b8 00000004 T on_init_wut_newlib()
020006bc 00000004 T on_fini_wut_newlib()
020006c0 00000004 T on_init_wut_thread()
020006c4 00000040 T __init_wrapper()
02000714 00000004 T __fini_wrapper()
02000718 00000038 T wups_init_config_functions(wups_loader_init_config_args_t)
02000750 00000034 T wups_init_button_combo_functions(wups_loader_init_button_combo_args_t_)
02000784 00000040 T wups_init_reent_functions(wups_loader_init_reent_args_t_)
020007c4 00000004 T on_init_wut_devoptab()
020007c8 00000004 T on_fini_wut_devoptab()
020007cc 00000034 T init_storage(wups_loader_init_storage_args_t_)
02000800 00000010 W WUPSConfigItemMultipleValues::~WUPSConfigItemMultipleValues()
02000800 00000010 W WUPSConfigItemMultipleValues::~WUPSConfigItemMultipleValues()
02000810 00000040 W WUPSConfigItemMultipleValues::~WUPSConfigItemMultipleValues()
02000850 00000024 T deinit_plugin()
02000874 000000cc t ApplyPatchesInRAM(bool) [clone .isra.0]
02000970 00000168 t TriggerAVMNativeReInit(unsigned int, bool)
02000b08 000000ac T on_app_starting()
02000bb4 00000004 T on_fini_wut_stdcpp()
02000bb8 00000004 T on_app_ending()
02000bbc 00000004 T on_app_requests_exit()
02000bc0 00000130 T ConfigMenuClosedCallback()
02000cf0 00000184 T init_plugin()
02000e74 000003a8 T ConfigMenuOpenedCallback(WUPSConfigCategoryHandle)
0200121c 00000040 T WUPSConfigCategory::~WUPSConfigCategory()
0200121c 00000040 T WUPSConfigCategory::~WUPSConfigCategory()
0200125c 00000058 T WUPSConfigCategory::~WUPSConfigCategory()
020012b4 00000018 T WUPSConfigCategory::WUPSConfigCategory(WUPSConfigCategoryHandle)
020012b4 00000018 T WUPSConfigCategory::WUPSConfigCategory(WUPSConfigCategoryHandle)
020012cc 000000d0 T WUPSConfigCategory::add(WUPSConfigItem&&)
0200139c 00000040 T WUPSConfigItem::~WUPSConfigItem()
0200139c 00000040 T WUPSConfigItem::~WUPSConfigItem()
020013dc 00000058 T WUPSConfigItem::~WUPSConfigItem()
02001434 00000024 T WUPSConfigItem::WUPSConfigItem(WUPSConfigItem&&)
02001434 00000024 T WUPSConfigItem::WUPSConfigItem(WUPSConfigItem&&)
02001458 00000008 T WUPSConfigItem::getHandle() const
02001460 0000000c T WUPSConfigItem::release()
0200146c 0000025c T WUPSConfigItemMultipleValues::CreateFromIndex(std::optional<std::__cxx11::basic_string<char, std::char_traits<char>, std::allocator<char> > const>, std::basic_string_view<char, std::char_traits<char> >, int, int, std::span<WUPSConfigItemMultipleValues::ValuePair const, 4294967295u> const&, void (*)(ConfigItemMultipleValues*, unsigned int), WUPSConfigAPIStatus&)
020016c8 00000114 W std::__cxx11::basic_string<char, std::char_traits<char>, std::allocator<char> >::basic_string<std::allocator<char> >(char const*, std::allocator<char> const&)
020016c8 00000114 W std::__cxx11::basic_string<char, std::char_traits<char>, std::allocator<char> >::basic_string<std::allocator<char> >(char const*, std::allocator<char> const&)
020017dc 0000021c T WUPSConfigItemMultipleValues::CreateFromValue(std::optional<std::__cxx11::basic_string<char, std::char_traits<char>, std::allocator<char> > const>, std::basic_string_view<char, std::char_traits<char> >, unsigned int, unsigned int, std::span<WUPSConfigItemMultipleValues::ValuePair const, 4294967295u> const&, void (*)(ConfigItemMultipleValues*, unsigned int), WUPSConfigAPIStatus&)
020019f8 0000029c T WUPSConfigItemMultipleValues::CreateFromValue(std::optional<std::__cxx11::basic_string<char, std::char_traits<char>, std::allocator<char> > const>, std::basic_string_view<char, std::char_traits<char> >, int, int, std::span<WUPSConfigItemMultipleValues::ValuePair const, 4294967295u> const&, void (*)(ConfigItemMultipleValues*, unsigned int))
02001c94 000000c4 T WUPSButtonComboAPI_InitInternal
02001d58 000000ec T WUPSConfigAPI_GetStatusStr
02001e44 000000b4 T WUPSConfigAPI_GetVersion
02001f18 00000250 T WUPSConfigAPI_InitLibrary_Internal
02002188 000000ac T WUPSConfigAPI_Init
02002234 00000078 T WUPSConfigAPI_Category_Destroy
020022ac 0000008c T WUPSConfigAPI_Category_AddItem
02002338 0000009c T WUPSConfigAPI_Item_CreateEx
020023d4 00000078 T WUPSConfigAPI_Item_Destroy
0200244c 0000000c T __wups_start
02002468 00000060 W __init_wut_socket
020024d8 0000005c W __fini_wut_socket
02002534 00000004 T __getreent
02002538 0000005c W wut_get_thread_specific
020025b4 00000134 W __assert_func
020026f8 000000a4 T WUPSStorageAPI_InitInternal
0200279c 00000034 T WUPSStorageAPI_SaveStorage
020027d0 00000048 T WUPSStorageAPI_StoreItem
02002818 0000005c T WUPSStorageAPI_GetItem
02002874 00000004 T WUPSStorageAPI::SaveStorage(bool)
02002878 0000004c t reclaim_reent_trampoline(void*)
020028c4 00000034 T WUPSReentAPI_InitInternal
02002908 000001a8 T __wups_getreent()
02002ad0 0000004c t WUPSConfigItemMultipleValues_onCloseCallback(void*)
02002b1c 0000005c t WUPSConfigItemMultipleValues_onInput(void*, WUPSConfigSimplePadData)
02002b78 0000000c t WUPSConfigItemMultipleValues_restoreDefault(void*)
02002b84 000000f4 t WUPSConfigItemMultipleValues_getCurrentValueSelectedDisplay(void*, char*, int)
02002c78 00000070 t WUPSConfigItemMultipleValues_getCurrentValueDisplay(void*, char*, int)
02002ce8 00000088 t WUPSConfigItemMultipleValues_onDelete(void*)
02002d70 000002a4 T WUPSConfigItemMultipleValues_Create
02003014 00000014 T __init_wut_newlib
02003028 00000004 T __fini_wut_newlib
0200302c 00000078 T __fini_wut_sbrk_heap
020030b4 0000002c t __wut_cond_alarmcb
02003100 00000030 T __init_wut_thread
02003140 000000ac T __syscall_lock_acquire
0200322c 000000ac T __syscall_lock_release
02003318 000000ac T __syscall_lock_acquire_recursive
02003404 000000ac T __syscall_lock_release_recursive
020034f0 000000c4 T __syscall_cond_broadcast
020035f4 000002cc T __syscall_cond_wait
02003960 00000004 T __init_wut_malloc
02003964 00000004 T __fini_wut_malloc
02003968 0000006c T _malloc_r
020039d4 00000018 T _free_r
020039ec 000000e0 T _realloc_r
02003adc 0000009c T _calloc_r
02003b78 00000070 T _memalign_r
02003be8 0000006c T WHBAddLogHandler
02003c54 00000060 T WHBRemoveLogHandler
02003cb4 000001c0 T WHBLogPrintf
02003e74 0000004c t udpLogHandler
02003ec0 000000cc T WHBLogUdpInit
02003fac 0000004c T WHBLogUdpDeinit
02003ff8 000001bc T __init_wut_devoptab
02004204 0000008c T __fini_wut_devoptab
020042b0 000000a0 T __wut_fsa_dirclose
02004380 000001ac T __wut_fsa_dirnext
0200455c 0000017c T __wut_fsa_diropen
02004718 000000a0 T __wut_fsa_dirreset
020047e8 000000d4 T __wut_fsa_fstat
020048ec 0000009c T __wut_fsa_fsync
020049b8 000000e0 T __wut_fsa_mkdir
02004aa8 000004cc T __wut_fsa_open
02004fe4 000001bc T __wut_fsa_read
020051d0 00000114 T __wut_fsa_rename
020052f4 000000c4 T __wut_fsa_rmdir
020053c8 00000188 T __wut_fsa_seek
02005590 00000118 T __wut_fsa_stat
020056b8 00000168 T __wut_fsa_statvfs
02005830 000000c8 T __wut_fsa_ftruncate
02005938 000000c4 T __wut_fsa_unlink
02005a0c 00000040 T __wut_fsa_hashstring
02005a4c 00000368 T __wut_fsa_fixpath
02005db4 0000007c T __wut_fsa_translate_stat_mode
02005e30 00000144 T __wut_fsa_translate_stat
02005f74 00000028 T __wut_fsa_translate_error
02005f9c 000001d4 T __wut_fsa_write
020061a0 000000a8 T sendto
02006258 00000094 T setsockopt
020062fc 00000058 T shutdown
02006364 000000d0 T socket
02006444 0000000c T __wut_socket_init_devoptab
02006450 0000000c T __wut_socket_fini_devoptab
0200645c 0000008c T __wut_get_nsysnet_fd
020064e8 00000080 T __wut_get_nsysnet_result
02006578 00000010 T __wut_socket_open
02006588 00000048 T __wut_socket_read
020065e0 00000048 T __wut_socket_write
02006638 0000011c T __wut_fsa_chdir
02006764 000000e0 T __wut_fsa_chmod
02006854 0000009c T __wut_fsa_close
02006920 0000003c T __wut_socket_close
0200696c 00000018 T __cxxabiv1::__class_type_info::__do_find_public_src(int, void const*, __cxxabiv1::__class_type_info const*, void const*) const
02006984 00000010 T __cxxabiv1::__class_type_info::~__class_type_info()
02006984 00000010 T __cxxabiv1::__class_type_info::~__class_type_info()
02006994 00000040 T __cxxabiv1::__class_type_info::~__class_type_info()
020069d4 00000098 T __cxxabiv1::__class_type_info::__do_upcast(__cxxabiv1::__class_type_info const*, void const*, __cxxabiv1::__class_type_info::__upcast_result&) const
02006a6c 00000134 T __cxxabiv1::__class_type_info::__do_dyncast(int, __cxxabiv1::__class_type_info::__sub_kind, __cxxabiv1::__class_type_info const*, void const*, __cxxabiv1::__class_type_info const*, void const*, __cxxabiv1::__class_type_info::__dyncast_result&) const
02006ba0 000000f8 T __cxxabiv1::__class_type_info::__do_upcast(__cxxabiv1::__class_type_info const*, void**) const
02006c98 00000134 T __cxxabiv1::__class_type_info::__do_catch(std::type_info const*, void**, unsigned int) const
02006dcc 00000004 T operator delete(void*, unsigned int)
02006dd0 0000000c W __gnu_cxx::__concurrence_lock_error::what() const
02006ddc 0000000c W __gnu_cxx::__concurrence_unlock_error::what() const
02006de8 00000010 W __gnu_cxx::__concurrence_lock_error::~__concurrence_lock_error()
02006de8 00000010 W __gnu_cxx::__concurrence_lock_error::~__concurrence_lock_error()
02006df8 00000040 W __gnu_cxx::__concurrence_lock_error::~__concurrence_lock_error()
02006e38 00000010 W __gnu_cxx::__concurrence_unlock_error::~__concurrence_unlock_error()
02006e38 00000010 W __gnu_cxx::__concurrence_unlock_error::~__concurrence_unlock_error()
02006e48 00000040 W __gnu_cxx::__concurrence_unlock_error::~__concurrence_unlock_error()
02006e88 0000012c t (anonymous namespace)::pool::free(void*) [clone .constprop.0]
02006fb4 000000f4 t (anonymous namespace)::pool::allocate(unsigned int) [clone .constprop.0]
020070a8 00000068 T __cxa_allocate_exception
02007110 00000030 T __cxa_free_exception
02007140 000000c8 T __cxa_begin_catch
02007208 000000c0 T __cxa_end_catch
020072c8 00000004 T std::exception::~exception()
020072c8 00000004 T std::exception::~exception()
020072cc 00000068 t eh_globals_dtor(void*)
02007334 00000044 T __cxa_get_globals_fast
02007378 00000090 T __cxa_get_globals
02007408 00000098 t get_adjusted_ptr(std::type_info const*, std::type_info const*, void**)
020074a0 0000013c t read_encoded_value_with_base(unsigned char, unsigned int, unsigned char const*, unsigned int*)
020075dc 00000060 t base_of_encoded_value(unsigned char, _Unwind_Context*)
0200763c 00000120 t parse_lsda_header(_Unwind_Context*, unsigned char const*, lsda_header_info*)
0200775c 00000138 t check_exception_spec(lsda_header_info*, std::type_info const*, void*, long)
02007894 000008f0 T __gxx_personality_v0
02008184 00000020 T __cxxabiv1::__terminate(void (*)())
020081a4 00000018 T __cxxabiv1::__unexpected(void (*)())
020081bc 00000018 T std::get_terminate()
020081d4 00000018 T std::get_unexpected()
020081ec 00000080 t __gxx_exception_cleanup(_Unwind_Reason_Code, _Unwind_Exception*)
0200826c 00000098 T __cxa_throw
02008304 00000080 T operator new(unsigned int)
02008384 00000010 T __cxxabiv1::__si_class_type_info::~__si_class_type_info()
02008384 00000010 T __cxxabiv1::__si_class_type_info::~__si_class_type_info()
02008394 00000040 T __cxxabiv1::__si_class_type_info::~__si_class_type_info()
020083d4 0000021c T __cxxabiv1::__si_class_type_info::__do_dyncast(int, __cxxabiv1::__class_type_info::__sub_kind, __cxxabiv1::__class_type_info const*, void const*, __cxxabiv1::__class_type_info const*, void const*, __cxxabiv1::__class_type_info::__dyncast_result&) const
020085f0 00000140 T __cxxabiv1::__si_class_type_info::__do_find_public_src(int, void const*, __cxxabiv1::__class_type_info const*, void const*) const
02008730 00000094 T __cxxabiv1::__si_class_type_info::__do_upcast(__cxxabiv1::__class_type_info const*, void const*, __cxxabiv1::__class_type_info::__upcast_result&) const
020087c4 00000004 T std::type_info::~type_info()
020087c4 00000004 T std::type_info::~type_info()
020087c8 00000008 T std::type_info::__is_pointer_p() const
020087c8 00000008 T std::type_info::__is_function_p() const
020087d0 00000008 T std::logic_error::what() const
020087d0 00000008 T std::runtime_error::what() const
020087d8 00000084 T std::logic_error::~logic_error()
020087d8 00000084 T std::logic_error::~logic_error()
0200885c 00000084 T std::runtime_error::~runtime_error()
0200885c 00000084 T std::runtime_error::~runtime_error()
020088e0 00000088 T std::runtime_error::~runtime_error()
02008968 00000084 T std::length_error::~length_error()
02008968 00000084 T std::length_error::~length_error()
020089ec 00000088 T std::logic_error::~logic_error()
02008a74 00000088 T std::length_error::~length_error()
02008afc 00000114 T std::logic_error::logic_error(char const*)
02008afc 00000114 T std::logic_error::logic_error(char const*)
02008c10 00000038 T std::length_error::length_error(char const*)
02008c10 00000038 T std::length_error::length_error(char const*)
02008c48 00000114 T std::runtime_error::runtime_error(char const*)
02008c48 00000114 T std::runtime_error::runtime_error(char const*)
02008d5c 000000f4 T std::__cow_string::__cow_string(char const*, unsigned int)
02008d5c 000000f4 T std::__cow_string::__cow_string(char const*, unsigned int)
02008e50 000000dc W std::string::_Rep::_S_create(unsigned int, unsigned int, std::allocator<char> const&)
02008f2c 00000004 W std::string::_Rep::_M_destroy(std::allocator<char> const&)
02008f30 0000005c T std::runtime_error::runtime_error(std::__cxx11::basic_string<char, std::char_traits<char>, std::allocator<char> > const&)
02008f30 0000005c T std::runtime_error::runtime_error(std::__cxx11::basic_string<char, std::char_traits<char>, std::allocator<char> > const&)
02008f8c 00000068 W std::__cxx11::basic_string<char, std::char_traits<char>, std::allocator<char> >::_M_create(unsigned int&, unsigned int)
02008ff4 00000018 W std::__cxx11::basic_string<char, std::char_traits<char>, std::allocator<char> >::_M_dispose()
0200900c 00000160 W std::__cxx11::basic_string<char, std::char_traits<char>, std::allocator<char> >::_M_mutate(unsigned int, unsigned int, char const*, unsigned int)
0200916c 00000100 W std::__cxx11::basic_string<char, std::char_traits<char>, std::allocator<char> >::_M_append(char const*, unsigned int)
0200926c 00000034 W std::__cxx11::basic_string<char, std::char_traits<char>, std::allocator<char> >::append(char const*, unsigned int)
020092a0 00000064 W std::__cxx11::basic_string<char, std::char_traits<char>, std::allocator<char> >::append(char const*)
02009304 0000000c T std::bad_alloc::what() const
02009310 00000010 T std::bad_alloc::~bad_alloc()
02009310 00000010 T std::bad_alloc::~bad_alloc()
02009320 00000040 T std::bad_alloc::~bad_alloc()
02009360 00000004 T operator delete(void*)
02009364 00000018 T std::get_new_handler()
0200937c 00000448 T __divdi3
020097c4 000003c4 T __udivdi3
02009b88 000001d0 t init_dwarf_reg_size_table
02009d58 000001b8 t uw_install_context_1
02009f10 00000184 t read_encoded_value
0200a094 00000898 t execute_stack_op
0200a92c 0000037c t uw_update_context_1
0200aca8 00000910 t execute_cfa_program_specialized
0200b5b8 00000974 t execute_cfa_program_generic
0200bf2c 000004ec t uw_frame_state_for
0200c418 000002d0 t uw_init_context_1
0200c6e8 000001cc t _Unwind_RaiseException_Phase2
0200c8b4 000001f0 t _Unwind_ForcedUnwind_Phase2
0200caa4 00000064 T _Unwind_SetGR
0200cb08 00000014 T _Unwind_GetIPInfo
0200cb1c 00000008 T _Unwind_SetIP
0200cb24 00000008 T _Unwind_GetLanguageSpecificData
0200cb2c 00000008 T _Unwind_GetRegionStart
0200cb34 00000008 T _Unwind_GetDataRelBase
0200cb3c 00000008 T _Unwind_GetTextRelBase
0200cb44 00000004 t _Unwind_DebugHook
0200cb48 0000038c T _Unwind_RaiseException
0200ced4 000001dc T _Unwind_Resume
0200d0b0 0000001c T _Unwind_DeleteException
0200d0cc 00000020 t fde_unencoded_compare
0200d0ec 00000074 t fde_unencoded_extract
0200d160 00000110 t frame_downheap
0200d270 0000013c t read_encoded_value_with_base
0200d3ac 000002a0 t fde_radixsort
0200d64c 0000014c t __deregister_frame_info_bases.part.0
0200d798 0000015c t get_cie_encoding
0200d8f4 000000fc t fde_mixed_encoding_extract
0200d9f0 0000020c t classify_object_over_fdes.constprop.0
0200dbfc 00000104 t fde_single_encoding_extract
0200dd00 000000cc t fde_single_encoding_compare
0200ddcc 00000144 t fde_mixed_encoding_compare
0200df10 000002ac t add_fdes.isra.0
0200e1bc 00000350 t linear_search_fdes
0200e50c 000006ac t search_object
0200ebb8 00000088 T __register_frame_info
0200ec40 00000020 T __deregister_frame_info
0200ec60 00000248 T _Unwind_Find_FDE
0200eea8 000001b8 T chdir
0200f060 0000027c T _concatenate_path
0200f2dc 000000b4 T __release_handle
0200f390 0000010c T __alloc_handle
0200f49c 00000060 T __get_handle
0200f4fc 00000168 T _close_r
0200f664 00000008 t null_write
0200f66c 00000018 T setDefaultDevice
0200f684 00000108 T FindDevice
0200f78c 00000040 T RemoveDevice
0200f7cc 000000f4 T AddDevice
0200f8c0 00000080 T pthread_mutex_lock
0200f940 00000080 T pthread_mutex_unlock
0200f9c0 000000fc T pthread_once
0200fabc 0000002c T pthread_key_create
0200fae8 0000001c T pthread_setspecific
0200fb04 0000001c T pthread_getspecific
0200fb20 0000001c T pthread_key_delete
0200fb3c 00000014 T __libc_lock_acquire
0200fb50 00000014 T __libc_lock_release
0200fb64 00000014 T __libc_lock_acquire_recursive
0200fb78 00000014 T __libc_lock_release_recursive
0200fb8c 0000001c T __libc_cond_broadcast
0200fba8 0000001c T __libc_cond_wait
0200fbc4 00000038 T getenv
0200fbfc 0000014c T memcpy
0200fd48 00000080 T strlen
0200fdc8 00000030 T close
0200fdf8 0000008c T strcpy
0200fe84 00000040 T memalign
0200fec4 00000130 T snprintf
0200fff4 00000148 T memchr
0201013c 00000218 t _strtoul_l.isra.0
02010354 00000064 T strtoul
020103b8 00000154 T strchr
0201050c 00000124 T memcmp
02010630 00000040 T calloc
02010670 00000020 T __errno
02010690 00000180 T memset
02010810 000000d8 T _vsnprintf_r
020108e8 00000060 T vsnprintf
02010948 00000104 T strncpy
02010a4c 0000009c T strcmp
02010ae8 00000058 T malloc
02010b40 00000030 T free
02010b70 00000078 T strrchr
02010be8 0000013c T _findenv_r
02010d24 00000254 T memmove
02010f78 00000030 T strdup
02010fa8 0000010c T _reclaim_reent
020110b4 000007bc t get_arg
02011870 000039f8 T _svfprintf_r
02015268 000000c0 T strnlen
02015328 000000c8 T strncmp
020153f0 00000090 T frexp
02015480 0000000c T __env_lock
0201548c 0000000c T __env_unlock
02015498 00000070 T _strdup_r
02015508 00000104 T _wcrtomb_r
0201560c 0000010c T __ssprint_r
02015718 0000004c T __locale_mb_cur_max
02015764 00000340 t quorem
02015aa4 00001720 T _dtoa_r
020171c4 00000010 T _wcsrtombs_r
020171d4 0000004c T _localeconv_r
02017220 00000194 T __ssputs_r
020173b4 00000108 T __utf8_wctomb
020174bc 000001e4 T _wcsnrtombs_l
020176a0 000000d8 T _wcsnrtombs_r
02017778 000000f4 T _Balloc
0201786c 00000024 T _Bfree
02017890 00000174 T __multadd
02017a04 00000098 T __hi0bits
02017a9c 0000010c T __lo0bits
02017ba8 00000108 T __i2b
02017cb0 00000338 T __multiply
02017fe8 0000019c T __pow5mult
02018184 0000026c T __lshift
020183f0 000000dc T __mcmp
020184cc 00000314 T __mdiff
020187e0 00000194 T __d2b
02018974 00000604 T __utf8_mbtowc
02018f78 00000380 T __umoddi3
020192f8 00000058 T _restgpr_14_x
020192fc 00000054 T _restgpr_15_x
02019300 00000050 T _restgpr_16_x
02019304 0000004c T _restgpr_17_x
02019308 00000048 T _restgpr_18_x
0201930c 00000044 T _restgpr_19_x
02019310 00000040 T _restgpr_20_x
02019314 0000003c T _restgpr_21_x
02019318 00000038 T _restgpr_22_x
0201931c 00000034 T _restgpr_23_x
02019320 00000030 T _restgpr_24_x
02019324 0000002c T _restgpr_25_x
02019328 00000028 T _restgpr_26_x
0201932c 00000024 T _restgpr_27_x
02019330 00000020 T _restgpr_28_x
02019334 0000001c T _restgpr_29_x
02019338 00000018 T _restgpr_30_x
0201933c 00000014 T _restgpr_31_x
02019350 t __do_global_ctors_aux
020193a0 T __fini
100000d0 d .LC0
100000e4 d .LC2
10000ae8 d .LC2
10000bec 0000001f V typeinfo name for WUPSConfigItemMultipleValues
10000c0c 0000000c V typeinfo for WUPSConfigItemMultipleValues
10000c18 00000010 V vtable for WUPSConfigItemMultipleValues
10000c28 00000040 d g_MasterPatches
10000c68 00000030 d s_ScanModes
10000c98 00000024 d s_PossibleRGBModes
10000cbc 00000090 d s_PossibleResolutions
10000d4c 00000015 V typeinfo name for WUPSConfigCategory
10000d64 00000010 V vtable for WUPSConfigCategory
10000d74 00000011 V typeinfo name for WUPSConfigItem
10000d88 00000010 V vtable for WUPSConfigItem
10000dec 00000004 d sReentPluginId
10000e14 00000080 d __wut_fsa_devoptab
10000e94 00000042 d CSWTCH.24
10000ed8 00000034 d __wut_nsysnet_error_code_map
10000f0c 00000022 V typeinfo name for __cxxabiv1::__class_type_info
10000f30 0000000c V typeinfo for __cxxabiv1::__class_type_info
10000f3c 0000002c V vtable for __cxxabiv1::__class_type_info
10000f68 00000027 V typeinfo name for __gnu_cxx::__concurrence_lock_error
10000f90 0000000c V typeinfo for __gnu_cxx::__concurrence_lock_error
10000f9c 00000029 V typeinfo name for __gnu_cxx::__concurrence_unlock_error
10000fc8 0000000c V typeinfo for __gnu_cxx::__concurrence_unlock_error
10000fd4 00000014 V vtable for __gnu_cxx::__concurrence_lock_error
10000fe8 00000014 V vtable for __gnu_cxx::__concurrence_unlock_error
10000ffc 0000000d V typeinfo name for std::exception
1000100c 00000020 V typeinfo name for __cxxabiv1::__forced_unwind
1000102c 00000024 V typeinfo name for __cxxabiv1::__foreign_exception
10001084 00000025 V typeinfo name for __cxxabiv1::__si_class_type_info
100010ac 0000000c V typeinfo for __cxxabiv1::__si_class_type_info
100010b8 0000002c V vtable for __cxxabiv1::__si_class_type_info
100010e4 0000000d V typeinfo name for std::type_info
100010f4 00000010 V typeinfo name for std::logic_error
10001104 0000000c V typeinfo for std::logic_error
10001110 00000011 V typeinfo name for std::length_error
10001124 0000000c V typeinfo for std::length_error
10001130 00000012 V typeinfo name for std::runtime_error
10001144 0000000c V typeinfo for std::runtime_error
10001150 00000014 V vtable for std::logic_error
10001164 00000014 V vtable for std::length_error
10001178 00000014 V vtable for std::runtime_error
1000118c 0000000d V typeinfo name for std::bad_alloc
1000119c 0000000c V typeinfo for std::bad_alloc
100011a8 00000014 V vtable for std::bad_alloc
100014fc 00000008 d terminator.0
10001504 00000080 D dotab_stdnull
100017dc 00000010 d zeroes.0
100017ec 00000010 d blanks.1
10001850 00000101 D _ctype_
10001954 0000006c D __action_table
100019c0 0000006c D __state_table
10001a2c 00000100 D __chclass
10001b2c 0000000c d p05.0
10001b38 00000028 D __mprec_bigtens
10001b60 000000c8 D __mprec_tens
10001d58 d __CTOR_LIST__
10001d5c D __CTOR_LIST__
10001d64 d __CTOR_END__
10001d64 D __CTOR_END__
10001d68 d __DTOR_LIST__
10001d6c D __DTOR_LIST__
10001d74 D __DTOR_END__
10001d78 d __EH_FRAME_BEGIN__
10001d78 D __EH_FRAME_BEGIN__
1000613c D __EH_FRAME_END__
1000613c d __FRAME_END__
10006140 00000004 d s_SelectedResIdx
10006144 00000004 d s_AppliedResIdx
10006148 00000004 d sConfigPluginIdentifier
1000614c 00000004 d sConfigAPIVersion
10006150 00000028 d __internal_functions
10006178 00000004 d sSocket
1000617c 00000080 d __wut_socket_devoptab
100061fc 00000400 d _current_working_directory
100065fc 00001000 d handles
100075fc 0000000c d __stderr_handle
10007608 0000000c d __stdout_handle
10007614 0000000c d __stdin_handle
10007620 0000008c D devoptab_list
100076ac 00000004 d defaultDevice
100076b0 00000200 D _impure_data
100078b0 00000254 D __global_locale
10007b04 00000008 V typeinfo for WUPSConfigCategory
10007b0c 00000008 V typeinfo for WUPSConfigItem
10007b14 00000008 V typeinfo for std::exception
10007b1c 00000008 V typeinfo for __cxxabiv1::__forced_unwind
10007b24 00000008 V typeinfo for __cxxabiv1::__foreign_exception
10007b2c 00000004 D __cxxabiv1::__unexpected_handler
10007b30 00000008 V typeinfo for std::type_info
10007b38 00000004 D __cxxabiv1::__terminate_handler
10007b3c 00000004 D _impure_ptr
10007b40 00000004 D environ
10007b50 00000004 B __wut_exit
10007b54 00000001 B __eh_globals_init::_S_init
10007b55 b completed.2
10007b58 b dtor_idx.1
10007b5c b object.0
10007b74 00000004 b s_SelectedRGBMode
10007b78 00000001 b s_ColdbootDone
10007b7c 00000004 b s_AppliedRGBMode
10007b80 00000038 b __internal_functions
10007bb8 00000001 b sConfigLibInitDone
10007bbc 00000004 b sAPIMenuGetStatus
10007bc0 00000004 b sAPIItemDestroy
10007bc4 00000004 b sAPIItemCreateEx
10007bc8 00000004 b sAPICategoryAddItem
10007bcc 00000004 b sAPICategoryAddCategory
10007bd0 00000004 b sAPICategoryDestroy
10007bd4 00000004 b sAPICategoryCreateEx
10007bd8 00000004 b sAPIInitEx
10007bdc 00000004 b sAPIGetVersion
10007be0 00000004 b sModuleHandle
10007be4 00000004 b __wut_socket_devoptab_added
10007be8 00000008 b __internal_functions
10007bf0 00000004 b sHeapSize
10007bf4 00000004 b sHeapMaxSize
10007bf8 00000004 b sHeapBase
10007bfc 00000004 b sHeapHandle
10007c00 00000010 b sMallocSpinLock
10007c10 00000010 b sSyncSpinLock
10007c20 00000040 b sHandlers
10007c60 00000010 b sSendAddr
10007c70 000003b8 B __wut_fsa_device_data
10008028 00000018 b (anonymous namespace)::emergency_pool
10008040 00000004 b init
10008044 00000008 b (anonymous namespace)::eh_globals
1000804c 00000010 V std::string::_Rep::_S_empty_rep_storage
1000805c 00000004 b (anonymous namespace)::__new_handler
10008060 00000004 b once_regsizes.0
10008064 00000070 b dwarf_reg_size_table
100080d4 0000000c b object_mutex
100080e0 00000004 b seen_objects
100080e4 00000004 b unseen_objects
100080e8 00000400 b temp_cwd
100084e8 00000004 b __hndl_lock
100084ec 00000004 b __pthread_once_cv
100084f0 00000004 b __pthread_once_lock
100084f8 00000150 B __sf
10008648 00000008 b __env_recursive_mutex
10008650 00000004 b initial_env
10008654 00000091 R wups_meta_info_linking_order
100086e8 00000017 R wups_meta_storage_id
10008700 0000000e R wups_meta_license
10008710 0000000e R wups_meta_author
10008720 00000016 R wups_meta_version
10008738 00000031 R wups_meta_description
1000876c 00000041 R wups_meta_info_dump
100087b0 0000000c R wups_meta_plugin_name
100087bc 00000024 R wups_meta_buildtimestamp
100087e0 0000000b R wups_meta_wups
100087ec 00000011 R wups_meta_name
10008800 00000008 R wups_hooks_on_app_requests_exit
10008808 00000008 R wups_hooks_on_app_ending
10008810 00000008 R wups_hooks_on_app_starting
10008818 00000008 R wups_hooks_deinit_plugin
10008820 00000008 R wups_hooks_init_plugin
10008828 00000008 R wups_hooks_init_storage
10008830 00000008 R wups_hooks_on_fini_wut_devoptab
10008838 00000008 R wups_hooks_on_init_wut_devoptab
10008840 00000008 R wups_hooks_wups_init_reent_functions
10008848 00000008 R wups_hooks_wups_init_button_combo_functions
10008850 00000008 R wups_hooks_wups_init_config_functions
10008858 00000008 R wups_hooks___fini_wrapper
10008860 00000008 R wups_hooks___init_wrapper
10008868 00000008 R wups_hooks_on_init_wut_thread
10008870 00000008 R wups_hooks_on_fini_wut_stdcpp
10008878 00000008 R wups_hooks_on_init_wut_stdcpp
10008880 00000008 R wups_hooks_on_fini_wut_newlib
10008888 00000008 R wups_hooks_on_init_wut_newlib
10008890 00000008 R wups_hooks_on_fini_wut_sockets
10008898 00000008 R wups_hooks_on_init_wut_sockets
100088a0 00000008 R wups_hooks_on_fini_wut_malloc
100088a8 00000008 R wups_hooks_on_init_wut_malloc
c0000038 T DCFlushRange
c0000040 T FSAAddClient
c0000048 T FSAChangeDir
c0000050 T FSAChangeMode
c0000058 T FSACloseDir
c0000060 T FSACloseFile
c0000068 T FSADelClient
c0000070 T FSAFlushFile
c0000078 T FSAGetDeviceInfo
c0000080 T FSAGetFreeSpaceSize
c0000088 T FSAGetStat
c0000090 T FSAGetStatFile
c0000098 T FSAInit
c00000a0 T FSAMakeDir
c00000a8 T FSAMount
c00000b0 T FSAOpenDir
c00000b8 T FSAOpenFileEx
c00000c0 T FSAReadDir
c00000c8 T FSAReadFile
c00000d0 T FSARemove
c00000d8 T FSARename
c00000e0 T FSARewindDir
c00000e8 T FSASetPosFile
c00000f0 T FSATruncateFile
c00000f8 T FSAUnmount
c0000100 T FSAWriteFile
c0000108 T ICInvalidateRange
c0000110 T MEMFreeToExpHeap
c0000118 T MEMGetSizeForMBlockExpHeap
c0000120 T OSCancelAlarm
c0000128 T OSCreateAlarm
c0000130 T OSDynLoad_Acquire
c0000138 T OSDynLoad_FindExport
c0000140 T OSDynLoad_Release
c0000148 T OSEffectiveToPhysical
c0000150 T OSFastCond_Init
c0000158 T OSFastCond_Signal
c0000160 T OSFastCond_Wait
c0000168 T OSFastMutex_Init
c0000170 T OSFastMutex_Lock
c0000178 T OSFastMutex_Unlock
c0000180 T OSFatal
c0000188 T OSGetAlarmUserData
c0000190 T OSGetCurrentThread
c0000198 T OSGetSystemInfo
c00001a0 T OSInitMutexEx
c00001a8 T OSInitSpinLock
c00001b0 T OSLockMutex
c00001b8 T OSReport
c00001c0 T OSSetAlarm
c00001c8 T OSSetAlarmUserData
c00001d0 T OSUninterruptibleSpinLock_Acquire
c00001d8 T OSUninterruptibleSpinLock_Release
c00001e0 T OSUnlockMutex
c00001e8 T __rplwrap_exit
c0000210 T htonl
c0000218 T htons
c0000220 T socket_lib_init
c0000228 T __rplwrap_recv
c0000230 T __rplwrap_send
c0000238 T __rplwrap_sendto
c0000240 T __rplwrap_setsockopt
c0000248 T __rplwrap_shutdown
c0000250 T __rplwrap_socket
c0000258 T __rplwrap_socketclose
c0000260 T __rplwrap_socketlasterr
c0000288 R MEMAllocFromDefaultHeap
c0000290 R MEMAllocFromDefaultHeapEx
c0000298 R MEMFreeToDefaultHeap
